******************************************************************************
                  TI ARM Linker PC v18.12.4                    
******************************************************************************
>> Linked Thu Jul 23 13:45:40 2020

OUTPUT FILE NAME:   <heli.out>
ENTRY POINT SYMBOL: "_c_int00_noargs"  address: 00001d3d


MEMORY CONFIGURATION

         name            origin    length      used     unused   attr    fill
----------------------  --------  ---------  --------  --------  ----  --------
  FLASH                 00000000   00040000  00001e2a  0003e1d6  R  X
  SRAM                  20000000   00008000  0000315c  00004ea4  RW X


SEGMENT ALLOCATION MAP

run origin  load origin   length   init length attrs members
----------  ----------- ---------- ----------- ----- -------
00000000    00000000    00001e30   00001e30    r-x
  00000000    00000000    0000026c   0000026c    r-- .intvecs
  0000026c    0000026c    00001b82   00001b82    r-x .text
  00001df0    00001df0    00000004   00000004    r-- .const
  00001df8    00001df8    00000038   00000038    r-- .cinit
20000000    20000000    00003160   00000000    rw-
  20000000    20000000    0000211c   00000000    rw- .bss
  20002120    20002120    00001000   00000000    rw- .stack
  20003120    20003120    00000040   00000000    rw- .data


SECTION ALLOCATION MAP

 output                                  attributes/
section   page    origin      length       input sections
--------  ----  ----------  ----------   ----------------
.intvecs   0    00000000    0000026c     
                  00000000    0000026c     tm4c123gh6pm_startup_ccs.obj (.intvecs)

.text      0    0000026c    00001b82     
                  0000026c    000010d4     tasks.obj (.text)
                  00001340    000001b8     heap_2.obj (.text)
                  000014f8    0000013c     port.obj (.text)
                  00001634    00000132     driverlib.lib : gpio.obj (.text:GPIOPadConfigSet)
                  00001766    0000012a     list.obj (.text)
                  00001890    000000f4     driverlib.lib : sysctl.obj (.text:SysCtlClockSet)
                  00001984    000000da     portasm.obj (.text)
                  00001a5e    00000002     --HOLE-- [fill = 0]
                  00001a60    000000ac     main.obj (.text)
                  00001b0c    0000009c     rtsv7M4_T_le_v4SPD16_eabi.lib : memcpy_t2.asm.obj (.text)
                  00001ba8    0000007a                                   : memset_t2.asm.obj (.text)
                  00001c22    00000068                                   : copy_decompress_lzss.c.obj (.text:decompress:lzss:__TI_decompress_lzss)
                  00001c8a    00000002     --HOLE-- [fill = 0]
                  00001c8c    00000044                                   : autoinit.c.obj (.text:__TI_auto_init_nobinit_nopinit:__TI_auto_init_nobinit_nopinit)
                  00001cd0    00000038     driverlib.lib : sysctl.obj (.text:SysCtlPeripheralReady)
                  00001d08    00000034                   : sysctl.obj (.text:SysCtlPeripheralEnable)
                  00001d3c    00000034     rtsv7M4_T_le_v4SPD16_eabi.lib : boot_cortex_m.c.obj (.text:_c_int00_noargs:_c_int00_noargs)
                  00001d70    0000002c     driverlib.lib : gpio.obj (.text:GPIODirModeSet)
                  00001d9c    00000018                   : gpio.obj (.text:GPIOPinTypeGPIOOutput)
                  00001db4    0000000e     rtsv7M4_T_le_v4SPD16_eabi.lib : copy_decompress_none.c.obj (.text:decompress:none:__TI_decompress_none)
                  00001dc2    0000000c                                   : copy_zero_init.c.obj (.text:decompress:ZI:__TI_zero_init)
                  00001dce    0000000c     tm4c123gh6pm_startup_ccs.obj (.text)
                  00001dda    00000006     driverlib.lib : gpio.obj (.text:GPIOPinWrite)
                  00001de0    00000006                   : sysctl.obj (.text:SysCtlDelay)
                  00001de6    00000004     rtsv7M4_T_le_v4SPD16_eabi.lib : pre_init.c.obj (.text:_system_pre_init)
                  00001dea    00000004                                   : exit.c.obj (.text:abort:abort)

.const     0    00001df0    00000004     
                  00001df0    00000004     port.obj (.const)

.cinit     0    00001df8    00000038     
                  00001df8    0000000f     (.cinit..data.load) [load image, compression = lzss]
                  00001e07    00000001     --HOLE-- [fill = 0]
                  00001e08    0000000c     (__TI_handler_table)
                  00001e14    00000004     --HOLE-- [fill = 0]
                  00001e18    00000008     (.cinit..bss.load) [load image, compression = zero_init]
                  00001e20    00000010     (__TI_cinit_table)

.init_array 
*          0    00000000    00000000     UNINITIALIZED

.bss       0    20000000    0000211c     UNINITIALIZED
                  20000000    00002000     heap_2.obj (.bss:ucHeap)
                  20002000    000000a0     tasks.obj (.bss:pxReadyTasksLists)
                  200020a0    00000014     tasks.obj (.bss:xDelayedTaskList1)
                  200020b4    00000014     tasks.obj (.bss:xDelayedTaskList2)
                  200020c8    00000014     tasks.obj (.bss:xPendingReadyList)
                  200020dc    00000014     tasks.obj (.bss:xSuspendedTaskList)
                  200020f0    00000014     tasks.obj (.bss:xTasksWaitingTermination)
                  20002104    00000008     tasks.obj (.bss)
                  2000210c    00000008     heap_2.obj (.bss:xEnd)
                  20002114    00000008     heap_2.obj (.bss:xStart)

.data      0    20003120    00000040     UNINITIALIZED
                  20003120    00000034     tasks.obj (.data)
                  20003154    00000008     heap_2.obj (.data)
                  2000315c    00000004     port.obj (.data)

.stack     0    20002120    00001000     UNINITIALIZED
                  20002120    00000004     rtsv7M4_T_le_v4SPD16_eabi.lib : boot_cortex_m.c.obj (.stack)
                  20002124    00000ffc     --HOLE--

MODULE SUMMARY

       Module                         code   ro data   rw data
       ------                         ----   -------   -------
    .\
       tm4c123gh6pm_startup_ccs.obj   12     620       0      
       main.obj                       172    0         0      
    +--+------------------------------+------+---------+---------+
       Total:                         184    620       0      
                                                              
    .\FreeRTOS\
       tasks.obj                      4308   0         320    
       list.obj                       298    0         0      
    +--+------------------------------+------+---------+---------+
       Total:                         4606   0         320    
                                                              
    .\FreeRTOS\portable\CCS\ARM_CM4F\
       port.obj                       316    4         4      
       portasm.obj                    218    0         0      
    +--+------------------------------+------+---------+---------+
       Total:                         534    4         4      
                                                              
    .\FreeRTOS\portable\MemMang\
       heap_2.obj                     440    0         8216   
    +--+------------------------------+------+---------+---------+
       Total:                         440    0         8216   
                                                              
    C:/ti/TivaWare_C_Series-2.1.4.178/driverlib/ccs/Debug/driverlib.lib
       gpio.obj                       380    0         0      
       sysctl.obj                     358    0         0      
    +--+------------------------------+------+---------+---------+
       Total:                         738    0         0      
                                                              
    C:\ti\ccs920\ccs\tools\compiler\ti-cgt-arm_18.12.4.LTS\lib\rtsv7M4_T_le_v4SPD16_eabi.lib
       memcpy_t2.asm.obj              156    0         0      
       memset_t2.asm.obj              122    0         0      
       copy_decompress_lzss.c.obj     104    0         0      
       autoinit.c.obj                 68     0         0      
       boot_cortex_m.c.obj            52     0         0      
       copy_decompress_none.c.obj     14     0         0      
       copy_zero_init.c.obj           12     0         0      
       exit.c.obj                     4      0         0      
       pre_init.c.obj                 4      0         0      
    +--+------------------------------+------+---------+---------+
       Total:                         536    0         0      
                                                              
       Stack:                         0      0         4096   
       Linker Generated:              0      51        0      
    +--+------------------------------+------+---------+---------+
       Grand Total:                   7038   675       12636  


LINKER GENERATED COPY TABLES

__TI_cinit_table @ 00001e20 records: 2, size/record: 8, table size: 16
	.data: load addr=00001df8, load size=0000000f bytes, run addr=20003120, run size=00000040 bytes, compression=lzss
	.bss: load addr=00001e18, load size=00000008 bytes, run addr=20000000, run size=0000211c bytes, compression=zero_init


LINKER GENERATED HANDLER TABLE

__TI_handler_table @ 00001e08 records: 3, size/record: 4, table size: 12
	index: 0, handler: __TI_decompress_lzss
	index: 1, handler: __TI_decompress_none
	index: 2, handler: __TI_zero_init


GLOBAL SYMBOLS: SORTED ALPHABETICALLY BY Name 

address   name                             
-------   ----                             
00001a61  BlinkLED                         
00001deb  C$$EXIT                          
00001d71  GPIODirModeSet                   
00001635  GPIOPadConfigSet                 
00001d9d  GPIOPinTypeGPIOOutput            
00001ddb  GPIOPinWrite                     
00001dcf  ResetISR                         
00001891  SysCtlClockSet                   
00001de1  SysCtlDelay                      
00001d09  SysCtlPeripheralEnable           
00001cd1  SysCtlPeripheralReady            
20003120  __STACK_END                      
00001000  __STACK_SIZE                     
20002320  __STACK_TOP                      
00001e20  __TI_CINIT_Base                  
00001e30  __TI_CINIT_Limit                 
00001e08  __TI_Handler_Table_Base          
00001e14  __TI_Handler_Table_Limit         
00001c8d  __TI_auto_init_nobinit_nopinit   
00001c23  __TI_decompress_lzss             
00001db5  __TI_decompress_none             
ffffffff  __TI_pprof_out_hndl              
ffffffff  __TI_prof_data_size              
ffffffff  __TI_prof_data_start             
00000000  __TI_static_base__               
00001dc3  __TI_zero_init                   
00001ba9  __aeabi_memclr                   
00001ba9  __aeabi_memclr4                  
00001ba9  __aeabi_memclr8                  
00001b0d  __aeabi_memcpy                   
00001b0d  __aeabi_memcpy4                  
00001b0d  __aeabi_memcpy8                  
00001bab  __aeabi_memset                   
00001bab  __aeabi_memset4                  
00001bab  __aeabi_memset8                  
ffffffff  __binit__                        
ffffffff  __c_args__                       
UNDEFED   __mpu_init                       
20002120  __stack                          
00001d3d  _c_int00_noargs                  
UNDEFED   _system_post_cinit               
00001de7  _system_pre_init                 
00001deb  abort                            
ffffffff  binit                            
00000000  g_pfnVectors                     
00001a9f  main                             
00001b0d  memcpy                           
00001bb1  memset                           
000008f9  pcTaskGetName                    
00001341  pvPortMalloc                     
20003120  pxCurrentTCB                     
000014f9  pxPortInitialiseStack            
00001df0  ulMaxSyscallInterruptPriority    
00001995  ulPortGetIPSR                    
00000e0d  ulTaskNotifyTake                 
0000123f  ulTaskNotifyValueClear           
00001849  uxListRemove                     
000008ed  uxTaskGetNumberOfTasks           
00000de1  uxTaskResetEventItemValue        
00001767  vListInitialise                  
00001797  vListInitialiseItem              
000017e3  vListInsert                      
000017a7  vListInsertEnd                   
00001a51  vPortEnableVFP                   
00001599  vPortEndScheduler                
0000159b  vPortEnterCritical               
000015bb  vPortExitCritical                
00001439  vPortFree                        
0000149d  vPortInitialiseBlocks            
00001a0d  vPortSVCHandler                  
000015f7  vPortSetupTimerInterrupt         
00001a2d  vPortStartFirstTask              
00000501  vTaskDelay                       
00000453  vTaskDelete                      
000007b9  vTaskEndScheduler                
00000c2d  vTaskInternalSetTimeOutState     
00000cd5  vTaskMissedYield                 
00001159  vTaskNotifyGiveFromISR           
00000ad7  vTaskPlaceOnEventList            
00000afd  vTaskPlaceOnUnorderedEventList   
00000ba5  vTaskRemoveFromUnorderedEventList
00000651  vTaskResume                      
00000c07  vTaskSetTimeOutState             
0000076f  vTaskStartScheduler              
00000537  vTaskSuspend                     
000007d5  vTaskSuspendAll                  
00000a75  vTaskSwitchContext               
00001497  xPortGetFreeHeapSize             
000019ad  xPortPendSVHandler               
00001563  xPortStartScheduler              
000015d1  xPortSysTickHandler              
00000915  xTaskCatchUpTicks                
00000c51  xTaskCheckForTimeOut             
0000026d  xTaskCreate                      
00000f61  xTaskGenericNotify               
0000104d  xTaskGenericNotifyFromISR        
000008c9  xTaskGetTickCount                
000008d9  xTaskGetTickCountFromISR         
00000955  xTaskIncrementTick               
00001205  xTaskNotifyStateClear            
00000e8d  xTaskNotifyWait                  
00000b27  xTaskRemoveFromEventList         
000007e5  xTaskResumeAll                   
000006e9  xTaskResumeFromISR               


GLOBAL SYMBOLS: SORTED BY Symbol Address 

address   name                             
-------   ----                             
00000000  __TI_static_base__               
00000000  g_pfnVectors                     
0000026d  xTaskCreate                      
00000453  vTaskDelete                      
00000501  vTaskDelay                       
00000537  vTaskSuspend                     
00000651  vTaskResume                      
000006e9  xTaskResumeFromISR               
0000076f  vTaskStartScheduler              
000007b9  vTaskEndScheduler                
000007d5  vTaskSuspendAll                  
000007e5  xTaskResumeAll                   
000008c9  xTaskGetTickCount                
000008d9  xTaskGetTickCountFromISR         
000008ed  uxTaskGetNumberOfTasks           
000008f9  pcTaskGetName                    
00000915  xTaskCatchUpTicks                
00000955  xTaskIncrementTick               
00000a75  vTaskSwitchContext               
00000ad7  vTaskPlaceOnEventList            
00000afd  vTaskPlaceOnUnorderedEventList   
00000b27  xTaskRemoveFromEventList         
00000ba5  vTaskRemoveFromUnorderedEventList
00000c07  vTaskSetTimeOutState             
00000c2d  vTaskInternalSetTimeOutState     
00000c51  xTaskCheckForTimeOut             
00000cd5  vTaskMissedYield                 
00000de1  uxTaskResetEventItemValue        
00000e0d  ulTaskNotifyTake                 
00000e8d  xTaskNotifyWait                  
00000f61  xTaskGenericNotify               
00001000  __STACK_SIZE                     
0000104d  xTaskGenericNotifyFromISR        
00001159  vTaskNotifyGiveFromISR           
00001205  xTaskNotifyStateClear            
0000123f  ulTaskNotifyValueClear           
00001341  pvPortMalloc                     
00001439  vPortFree                        
00001497  xPortGetFreeHeapSize             
0000149d  vPortInitialiseBlocks            
000014f9  pxPortInitialiseStack            
00001563  xPortStartScheduler              
00001599  vPortEndScheduler                
0000159b  vPortEnterCritical               
000015bb  vPortExitCritical                
000015d1  xPortSysTickHandler              
000015f7  vPortSetupTimerInterrupt         
00001635  GPIOPadConfigSet                 
00001767  vListInitialise                  
00001797  vListInitialiseItem              
000017a7  vListInsertEnd                   
000017e3  vListInsert                      
00001849  uxListRemove                     
00001891  SysCtlClockSet                   
00001995  ulPortGetIPSR                    
000019ad  xPortPendSVHandler               
00001a0d  vPortSVCHandler                  
00001a2d  vPortStartFirstTask              
00001a51  vPortEnableVFP                   
00001a61  BlinkLED                         
00001a9f  main                             
00001b0d  __aeabi_memcpy                   
00001b0d  __aeabi_memcpy4                  
00001b0d  __aeabi_memcpy8                  
00001b0d  memcpy                           
00001ba9  __aeabi_memclr                   
00001ba9  __aeabi_memclr4                  
00001ba9  __aeabi_memclr8                  
00001bab  __aeabi_memset                   
00001bab  __aeabi_memset4                  
00001bab  __aeabi_memset8                  
00001bb1  memset                           
00001c23  __TI_decompress_lzss             
00001c8d  __TI_auto_init_nobinit_nopinit   
00001cd1  SysCtlPeripheralReady            
00001d09  SysCtlPeripheralEnable           
00001d3d  _c_int00_noargs                  
00001d71  GPIODirModeSet                   
00001d9d  GPIOPinTypeGPIOOutput            
00001db5  __TI_decompress_none             
00001dc3  __TI_zero_init                   
00001dcf  ResetISR                         
00001ddb  GPIOPinWrite                     
00001de1  SysCtlDelay                      
00001de7  _system_pre_init                 
00001deb  C$$EXIT                          
00001deb  abort                            
00001df0  ulMaxSyscallInterruptPriority    
00001e08  __TI_Handler_Table_Base          
00001e14  __TI_Handler_Table_Limit         
00001e20  __TI_CINIT_Base                  
00001e30  __TI_CINIT_Limit                 
20002120  __stack                          
20002320  __STACK_TOP                      
20003120  __STACK_END                      
20003120  pxCurrentTCB                     
ffffffff  __TI_pprof_out_hndl              
ffffffff  __TI_prof_data_size              
ffffffff  __TI_prof_data_start             
ffffffff  __binit__                        
ffffffff  __c_args__                       
ffffffff  binit                            
UNDEFED   __mpu_init                       
UNDEFED   _system_post_cinit               

[104 symbols]
